- Building...

Initial chunk files | Names                    |  Raw size
polyfills.js        | polyfills                |  88.09 kB | 
main.js             | main                     |  45.96 kB | 
styles.css          | styles                   |  45.35 kB | 
chunk-6NNANOVQ.js   | -                        |  13.40 kB | 
chunk-ZUNO6MES.js   | -                        |   3.63 kB | 
chunk-COLG63IL.js   | -                        |   3.54 kB | 
chunk-2W7YH7NO.js   | -                        |   2.26 kB | 
chunk-BXOW425V.js   | -                        | 856 bytes | 

                    | Initial total            | 203.06 kB

Lazy chunk files    | Names                    |  Raw size
chunk-FM3TK77R.js   | login-component          | 177.49 kB | 
chunk-D7YRYZE7.js   | financeiro-component     |  77.86 kB | 
chunk-4TAGTVH6.js   | agendamentos-component   |  63.42 kB | 
chunk-XNYM3V5M.js   | planos-component         |  62.29 kB | 
chunk-WQR766JS.js   | perfil-component         |  61.89 kB | 
chunk-A4IN4EKJ.js   | reservas-component       |  45.88 kB | 
chunk-CU46BAIX.js   | quadras-component        |  41.15 kB | 
chunk-E4LB2S3B.js   | promocoes-component      |  37.93 kB | 
chunk-5ERXHDMK.js   | platform-plans-component |  33.06 kB | 
chunk-TJHJ42HJ.js   | mensalistas-component    |  29.91 kB | 
chunk-KJQAYZL5.js   | clientes-component       |  24.38 kB | 
chunk-PKFUGTSN.js   | relatorios-component     |  23.38 kB | 
chunk-4VWJLGPM.js   | dashboard-component      |  22.77 kB | 
chunk-TVWYSQ7W.js   | -                        |  15.15 kB | 
chunk-TUTH6PTR.js   | -                        |   3.63 kB | 
...and 1 more lazy chunks files. Use "--verbose" to show all the files.

Application bundle generation complete. [14.608 seconds]

▲ [WARNING] NG8107: The left side of this optional chain operation does not include 'null' or 'undefined' in its type, therefore the '?.' operator can be replaced with the '.' operator. [plugin angular-compiler]

    src/app/layout/layout.component.ts:39:107:
      39 │ ...r(--sidebar-foreground)">{{ profile?.name || 'ArenaFlow' }}</span>
         ╵                                         ~~~~


▲ [WARNING] NG8107: The left side of this optional chain operation does not include 'null' or 'undefined' in its type, therefore the '?.' operator can be replaced with the '.' operator. [plugin angular-compiler]

    src/app/layout/layout.component.ts:70:152:
      70 │ ...ogleUser()?.displayName || profile?.name || 'Minha Arena' }}</div>
         ╵                                        ~~~~


▲ [WARNING] NG8107: The left side of this optional chain operation does not include 'null' or 'undefined' in its type, therefore the '?.' operator can be replaced with the '.' operator. [plugin angular-compiler]

    src/app/layout/layout.component.ts:105:105:
      105 │ ...olor:var(--foreground)">{{ profile?.name || 'ArenaFlow' }}</span>
          ╵                                        ~~~~


Watch mode enabled. Watching for file changes...
